// Jest Snapshot v1, https://goo.gl/fbAQLP

exports[`readlink 1`] = `
{
  "code": 0,
  "error": false,
  "stderr": "",
  "stdout": "[
  "./nowhere-real"
  "./some-file"
  "./some-folder"
]
",
}
`;
